misc/00_esmheader.js
bits/01_version.js
bits/02_codepage.js
bits/03_consts.js
bits/04_base64.js
bits/05_buf.js
bits/09_types.js
bits/10_ssf.js
bits/11_ssfutils.js
bits/18_cfb.js
bits/19_fsutils.js
bits/20_jsutils.js
bits/21_ziputils.js
bits/22_xmlutils.js
bits/23_binutils.js
bits/24_hoppers.js
bits/25_cellutils.js
bits/27_csfutils.js
bits/28_binstructs.js
bits/29_xlsenum.js
bits/30_ctype.js
bits/31_rels.js
bits/32_odmanrdf.js
bits/33_coreprops.js
bits/34_extprops.js
bits/35_custprops.js
bits/36_xlsprops.js
bits/38_xlstypes.js
bits/39_xlsbiff.js
bits/40_harb.js
bits/41_lotus.js
bits/42_sstxml.js
bits/43_sstbin.js
bits/44_offcrypto.js
bits/45_rtf.js
bits/46_stycommon.js
bits/47_styxml.js
bits/48_stybin.js
bits/49_theme.js
bits/50_styxls.js
bits/51_xlsbmeta.js
bits/51_xlsxmeta.js
bits/52_calcchain.js
bits/53_externlink.js
bits/54_drawing.js
bits/55_vml.js
bits/56_cmntcommon.js
bits/57_cmntxml.js
bits/58_cmntbin.js
bits/59_vba.js
bits/60_macrovba.js
bits/61_fcommon.js
bits/62_fxls.js
bits/63_fbin.js
bits/64_ftab.js
bits/65_fods.js
bits/66_wscommon.js
bits/67_wsxml.js
bits/68_wsbin.js
bits/69_chartxml.js
bits/70_csheet.js
bits/71_wbcommon.js
bits/72_wbxml.js
bits/73_wbbin.js
bits/74_xmlbin.js
bits/75_xlml.js
bits/76_xls.js
bits/77_parsetab.js
bits/78_writebiff.js
bits/79_html.js
bits/80_parseods.js
bits/81_writeods.js
bits/83_numbers.js
bits/84_defaults.js
bits/85_parsezip.js
bits/86_writezip.js
bits/87_read.js
bits/88_write.js
bits/90_utils.js
bits/95_api.js
bits/97_node.js
misc/98_esmxport.js
