# This file controls the multiformat tests
# Format: <basename> <ext> <ext> [ext..]
AutoFilter              	.xls .xlsb .xlsx .xml
#BlankSheetTypes         	.xls .xlsb .xlsx .xml
NumberFormatCondition   	.xls .xlsb .xlsm .xml
RkNumber                	.xls .xlsb .xlsx .xls.xml .xlsb.xml .xlsx.xml
#calendar_stress_test    	.xls .xlsb .xlsx .xml
cell_style_simple       	.xls .xlsb .xlsx .xml
# no-csv (newline character \r vs \n)
comments_stress_test    	.xls .xlsb .xlsx .xls.xml .xlsb.xml .xlsx.xml
# yes-csv
custom_properties       	.xls .xlsb .xlsx .xls.xml .xlsb.xml .xlsx.xml
defined_names_simple    	.xls .xlsb .xlsx .xml
#formula_stress_test     	.xls .xlsb .xlsx .xls.xml .xlsb.xml .xlsx.xml
formulae_test_simple    	.xls .xlsb .xlsx .xml
hyperlink_stress_test_2011	.xls .xlsb .xlsx .xml
#large_strings           	.xls .xlsb .xlsx .xls.xml .xlsb.xml .xlsx.xml
merge_cells             	.xls .xlsb .xlsx .xls.xml .xlsb.xml .xlsx.xml
named_ranges_2011       	.xls .xlsb .xlsx .xls.xml .xlsb.xml .xlsx.xml
# no-csv (macro serialization in xml)
number_format           	.xls .xlsb .xlsm .xls.xml .xlsb.xml .xlsm.xml
number_format_entities  	.xls .xlsb .xlsx .xml
# yes-csv
pivot_table_named_range 	.xls .xlsb .xlsx .xml
pivot_table_test        	.xls .xlsb .xlsm
rich_text_stress        	.xls .xlsb .xlsx .xls.xml .xlsb.xml .xlsx.xml
smart_tags_2007         	.xls .xlsb .xlsx .xml
sushi                   	.xls .xlsb .xlsx .xml
text_and_numbers        	.xls .xlsb .xlsx .xml
#time_stress_test_1      	.xls .xlsb .xlsx .xml
xlsx-stream-d-date-cell 	.xls .xlsb .xlsx .xls.xml .xlsb.xml .xlsx.xml
