45430.xlsx
45540_classic_Footer.xlsx
45540_classic_Header.xlsx
45540_form_Footer.xlsx
45540_form_Header.xlsx
45544.xlsx
46535.xlsx
46536.xlsx
47090.xlsx
47504.xlsx
47668.xlsx
47737.xlsx
47804.xlsx
47813.xlsx.pending
47862.xlsx
47889.xlsx
48495.xlsx
48539.xlsx
48703.xlsx
48779.xlsx
48923.xlsx
49156.xlsx
49273.xlsx
49325.xlsx
49609.xlsx
49783.xlsx
49872.xlsx
49928.xlsx
49966.xlsx
50096.xlsx
50299.xlsx
50784-font_theme_colours.xlsx
50786-indexed_colours.xlsx
50795.xlsx
50846-border_colours.xlsx
50867_with_table.xlsx
51222.xlsx
51470.xlsx
51710.xlsx
51850.xlsx
51963.xlsx
52348.xlsx
52716.xlsx
53101.xlsx
53282.xlsx
53568.xlsx
53734.xlsx
53798.xlsx
53798_shiftNegative_TMPL.xlsx
54071.xlsx
54084 - Greek - beyond BMP.xlsx
54206.xlsx
54288-ref.xlsx
54288.xlsx
54436.xlsx
54524.xlsx
54607.xlsx
55640.xlsx
55745.xlsx
55850.xlsx
AverageTaxRates.xlsx
Booleans.xlsx
BrNotClosed.xlsx
CustomXMLMapping-singleattributenamespace.xlsx
CustomXMLMappings-complex-type.xlsx
CustomXMLMappings.xlsx
CustomXmlMappings-inverse-order.xlsx
DataValidations-49244.xlsx
DateFormatTests.xlsx
ElapsedFormatTests.xlsx
ForShifting.xlsx
FormatChoiceTests.xlsx
FormatConditionTests.xlsx
Formatting.xlsx
FormulaEvalTestData_Copy.xlsx
GeneralFormatTests.xlsx
GroupTest.xlsx
InlineStrings.xlsx
NewlineInFormulas.xlsx
NumberFormatApproxTests.xlsx
NumberFormatTests.xlsx
RepeatingRowsCols.xlsx
SampleSS.xlsx
ShrinkToFit.xlsx
SimpleMultiCell.xlsx
SimpleWithComments.xlsx
Tables.xlsx
TextFormatTests.xlsx
TwoSheetsNoneHidden.xlsx
TwoSheetsOneHidden.xlsx
WithChart.xlsx
WithChartSheet.xlsx.pending
WithConditionalFormatting.xlsx
WithDrawing.xlsx
WithEmbeded.xlsx
WithMoreVariousData.xlsx
WithTable.xlsx
WithTextBox.xlsx
WithTextBox2.xlsx
WithThreeCharts.xlsx
WithTwoCharts.xlsx
WithVariousData.xlsx
atp.xlsx
chart_sheet.xlsx.pending
comments.xlsx
excel-reader-xlsx_data01.xlsx
excel-reader-xlsx_data02.xlsx
excel-reader-xlsx_error02.xlsx.pending
excel-reader-xlsx_error03.xlsx.pending
excel-reader-xlsx_error04.xlsx.pending
excel-reader-xlsx_error05.xlsx.pending
excel-reader-xlsx_error06.xlsx.pending
excel-reader-xlsx_error07.xlsx.pending
excel-reader-xlsx_error08.xlsx.pending
excel-reader-xlsx_inline01.xlsx
excel-reader-xlsx_libre01.xlsx
formula_stress_test.xlsx
interview.xlsx
issue.xlsx
jxls-core_formulaOneRow.xlsx
jxls-core_simple.xlsx
jxls-examples_stress1.xlsx
jxls-examples_stress2.xlsx
jxls-reader_departmentData.xlsx
mixed_sheets.xlsx
named_ranges_2011.xlsx
openpyxl_g_NameWithValueBug.xlsx
openpyxl_g_empty-no-string.xlsx
openpyxl_g_empty-with-styles.xlsx
openpyxl_g_empty.xlsx
openpyxl_g_empty_libre.xlsx
openpyxl_g_empty_no_dimensions.xlsx
openpyxl_g_empty_with_no_properties.xlsx.pending
openpyxl_g_guess_types.xlsx
openpyxl_g_libreoffice_nrt.xlsx
openpyxl_g_merge_range.xlsx
openpyxl_r_complex-styles.xlsx
openpyxl_r_conditional-formatting.xlsx
openpyxl_r_contains_chartsheets.xlsx.pending
openpyxl_r_date_1900.xlsx
openpyxl_r_date_1904.xlsx
openpyxl_r_formulae.xlsx
openpyxl_r_null_archive.xlsx.pending
openpyxl_r_null_file.xlsx.pending
picture.xlsx
reordered_sheets.xlsx
sample-beta.xlsx.pending
sample.xlsx
shared_formulas.xlsx
sheetProtection_allLocked.xlsx
sheetProtection_not_protected.xlsx
styles.xlsx
workbookProtection_not_protected.xlsx
workbookProtection_workbook_revision_protected.xlsx
workbookProtection_workbook_structure_protected.xlsx
workbookProtection_workbook_windows_protected.xlsx
workbookProtection_worksheet_protected.xlsx
xlrd_reveng1.xlsx
xlrd_text_bar.xlsx
xlsx-jdbc.xlsx
חישוב_נקודות_זיכוי.xlsx
