AutoFilter.xlsb
BlankSheetTypes.xlsb
NumberFormatCondition.xlsb
RkNumber.xlsb
calendar_stress_test.xlsb.pending
comments_stress_test.xlsb
custom_properties.xlsb
formula_stress_test.xlsb
hyperlink_stress_test_2011.xlsb
large_strings.xlsb
merge_cells.xlsb
named_ranges_2011.xlsb
number_format.xlsb
pivot_table_named_range.xlsb
pivot_table_test.xlsb
rich_text_stress.xlsb
text_and_numbers.xlsb
time_stress_test_1.xlsb
xlsx-stream-d-date-cell.xlsb
2013/apachepoi_29982.xls.xlsb
2013/apachepoi_43251.xls.xlsb
2013/apachepoi_44593.xls.xlsb
2013/apachepoi_44643.xls.xlsb
2013/apachepoi_44958.xls.xlsb
2013/apachepoi_46136-NoWarnings.xls.xlsb
2013/apachepoi_48968.xls.xlsb
2013/apachepoi_50939.xls.xlsb
2013/apachepoi_54016.xls.xlsb
2013/apachepoi_ReadOnlyRecommended.xls.xlsb
2013/apachepoi_testArraysAndTables.xls.xlsb
AutoFilter.xlsx
LONumbers-2010.xlsx
LONumbers-2011.xlsx
LONumbers.xlsx
RkNumber.xlsx
apachepoi_45430.xlsx
apachepoi_45540_classic_Footer.xlsx
apachepoi_45540_classic_Header.xlsx
apachepoi_45540_form_Footer.xlsx
apachepoi_45540_form_Header.xlsx
apachepoi_45544.xlsx
apachepoi_46535.xlsx
apachepoi_46536.xlsx
apachepoi_47090.xlsx
apachepoi_47504.xlsx
apachepoi_47668.xlsx
apachepoi_47737.xlsx
apachepoi_47804.xlsx
apachepoi_47813.xlsx.pending
apachepoi_47862.xlsx
apachepoi_47889.xlsx
apachepoi_48495.xlsx
apachepoi_48539.xlsx
apachepoi_48703.xlsx
apachepoi_48779.xlsx
apachepoi_48923.xlsx
apachepoi_49156.xlsx
apachepoi_49273.xlsx
apachepoi_49325.xlsx
apachepoi_49609.xlsx
apachepoi_49783.xlsx
apachepoi_49872.xlsx
apachepoi_49928.xlsx
apachepoi_49966.xlsx
apachepoi_50096.xlsx
apachepoi_50299.xlsx
apachepoi_50784-font_theme_colours.xlsx
apachepoi_50786-indexed_colours.xlsx
apachepoi_50795.xlsx
apachepoi_50846-border_colours.xlsx
apachepoi_50867_with_table.xlsx
apachepoi_51222.xlsx
apachepoi_51470.xlsx
apachepoi_51585.xlsx
apachepoi_51710.xlsx
apachepoi_51850.xlsx
apachepoi_51963.xlsx
apachepoi_52348.xlsx
apachepoi_52716.xlsx
apachepoi_53101.xlsx
apachepoi_53282.xlsx
apachepoi_53282b.xlsx
apachepoi_53568.xlsx
apachepoi_53734.xlsx
apachepoi_53798.xlsx
apachepoi_53798_shiftNegative_TMPL.xlsx
apachepoi_54071.xlsx
apachepoi_54084 - Greek - beyond BMP.xlsx
apachepoi_54206.xlsx
apachepoi_54288-ref.xlsx
apachepoi_54288.xlsx
apachepoi_54436.xlsx
apachepoi_54524.xlsx
apachepoi_54607.xlsx
apachepoi_55640.xlsx
apachepoi_55745.xlsx
apachepoi_55850.xlsx
apachepoi_55923.xlsx
apachepoi_55924.xlsx
apachepoi_55926.xlsx
apachepoi_55927.xlsx
apachepoi_56011.xlsx
apachepoi_56017.xlsx
apachepoi_56169.xlsx
apachepoi_56278.xlsx
apachepoi_AverageTaxRates.xlsx
apachepoi_Booleans.xlsx
apachepoi_BrNotClosed.xlsx
apachepoi_CustomXMLMapping-singleattributenamespace.xlsx
apachepoi_CustomXMLMappings-complex-type.xlsx
apachepoi_CustomXMLMappings.xlsx
apachepoi_CustomXmlMappings-inverse-order.xlsx
apachepoi_DataValidations-49244.xlsx
apachepoi_DateFormatTests.xlsx
apachepoi_ElapsedFormatTests.xlsx
apachepoi_ForShifting.xlsx
apachepoi_FormatChoiceTests.xlsx
apachepoi_FormatConditionTests.xlsx
apachepoi_Formatting.xlsx
apachepoi_FormulaEvalTestData_Copy.xlsx
apachepoi_GeneralFormatTests.xlsx
apachepoi_GroupTest.xlsx
apachepoi_InlineStrings.xlsx
apachepoi_NewlineInFormulas.xlsx
apachepoi_NumberFormatApproxTests.xlsx
apachepoi_NumberFormatTests.xlsx
apachepoi_RepeatingRowsCols.xlsx
apachepoi_SampleSS.xlsx
apachepoi_ShrinkToFit.xlsx
apachepoi_SimpleMultiCell.xlsx
apachepoi_SimpleWithComments.xlsx
apachepoi_Tables.xlsx
apachepoi_TextFormatTests.xlsx
apachepoi_TwoSheetsNoneHidden.xlsx
apachepoi_TwoSheetsOneHidden.xlsx
apachepoi_WithChart.xlsx
apachepoi_WithChartSheet.xlsx.pending
apachepoi_WithConditionalFormatting.xlsx
apachepoi_WithDrawing.xlsx
apachepoi_WithEmbeded.xlsx
apachepoi_WithMoreVariousData.xlsx
apachepoi_WithTable.xlsx
apachepoi_WithTextBox.xlsx
apachepoi_WithTextBox2.xlsx
apachepoi_WithThreeCharts.xlsx
apachepoi_WithTwoCharts.xlsx
apachepoi_WithVariousData.xlsx
apachepoi_atp.xlsx
apachepoi_chart_sheet.xlsx.pending
apachepoi_comments.xlsx
apachepoi_headerFooterTest.xlsx
apachepoi_picture.xlsx
apachepoi_reordered_sheets.xlsx
apachepoi_sample-beta.xlsx
apachepoi_sample.xlsx
apachepoi_shared_formulas.xlsx
apachepoi_sheetProtection_allLocked.xlsx
apachepoi_sheetProtection_not_protected.xlsx
apachepoi_styles.xlsx
apachepoi_workbookProtection_not_protected.xlsx
apachepoi_workbookProtection_workbook_revision_protected.xlsx
apachepoi_workbookProtection_workbook_structure_protected.xlsx
apachepoi_workbookProtection_workbook_windows_protected.xlsx
apachepoi_workbookProtection_worksheet_protected.xlsx
apachepoi_xlsx-jdbc.xlsx
calendar_stress_test.xlsx.pending
comments_stress_test.xlsx
custom_properties.xlsx
excel-reader-xlsx_data01.xlsx
excel-reader-xlsx_data02.xlsx
excel-reader-xlsx_error02.xlsx.pending
excel-reader-xlsx_error03.xlsx.pending
excel-reader-xlsx_error04.xlsx.pending
excel-reader-xlsx_error05.xlsx.pending
excel-reader-xlsx_error06.xlsx.pending
excel-reader-xlsx_error07.xlsx.pending
excel-reader-xlsx_error08.xlsx.pending
excel-reader-xlsx_inline01.xlsx
excel-reader-xlsx_libre01.xlsx
formula_stress_test.xlsx
hyperlink_stress_test_2011.xlsx
interview.xlsx
issue.xlsx
jxls-core_formulaOneRow.xlsx
jxls-core_simple.xlsx
jxls-examples_stress1.xlsx
jxls-examples_stress2.xlsx
jxls-reader_departmentData.xlsx
large_strings.xlsx.pending
merge_cells.xlsx
mixed_sheets.xlsx
named_ranges_2011.xlsx
openpyxl_g_NameWithValueBug.xlsx
openpyxl_g_empty-no-string.xlsx
openpyxl_g_empty-with-styles.xlsx
openpyxl_g_empty.xlsx
openpyxl_g_empty_libre.xlsx
openpyxl_g_empty_no_dimensions.xlsx
openpyxl_g_empty_with_no_properties.xlsx
openpyxl_g_guess_types.xlsx
openpyxl_g_libreoffice_nrt.xlsx
openpyxl_g_merge_range.xlsx
openpyxl_r_bigfoot.xlsx.pending
openpyxl_r_comments.xlsx
openpyxl_r_complex-styles.xlsx
openpyxl_r_conditional-formatting.xlsx
openpyxl_r_contains_chartsheets.xlsx.pending
openpyxl_r_date_1900.xlsx
openpyxl_r_date_1904.xlsx
openpyxl_r_formulae.xlsx
openpyxl_r_null_archive.xlsx.pending
openpyxl_r_null_file.xlsx.pending
pivot_table_named_range.xlsx
rich_text_stress.xlsx
roo_1900_base.xlsx
roo_1904_base.xlsx
roo_Bibelbund.xlsx
roo_Pfand_from_windows_phone.xlsx.pending
roo_bbu.xlsx
roo_boolean.xlsx
roo_borders.xlsx
roo_bug-numbered-sheet-names.xlsx.pending
roo_comments.xlsx
roo_datetime.xlsx
roo_emptysheets.xlsx
roo_file_item_error.xlsx
roo_formula.xlsx
roo_formula_string_error.xlsx
roo_link.xlsx
roo_named_cells.xlsx
roo_numbers-export.xlsx
roo_numbers1.xlsx
roo_numeric-link.xlsx
roo_only_one_sheet.xlsx
roo_paragraph.xlsx
roo_simple_spreadsheet.xlsx
roo_style.xlsx
roo_time-test.xlsx
roo_type_excel.xlsx.pending
roo_type_openoffice.xlsx.pending
roo_whitespace.xlsx
spreadsheet-parsexlsx_Test.xlsx
spreadsheet-parsexlsx_bug-10.xlsx
spreadsheet-parsexlsx_bug-11.xlsx
spreadsheet-parsexlsx_bug-12.xlsx
spreadsheet-parsexlsx_bug-13.xlsx
spreadsheet-parsexlsx_bug-14.xlsx
spreadsheet-parsexlsx_bug-15.xlsx
spreadsheet-parsexlsx_bug-2.xlsx
spreadsheet-parsexlsx_bug-3.xlsx
spreadsheet-parsexlsx_bug-4.xlsx
spreadsheet-parsexlsx_bug-5.xlsx
spreadsheet-parsexlsx_bug-6-2.xlsx
spreadsheet-parsexlsx_bug-6.xlsx
spreadsheet-parsexlsx_bug-7.xlsx
spreadsheet-parsexlsx_bug-8.xlsx
text_and_numbers.xlsx
xlrd_merged_cells.xlsx
xlrd_reveng1.xlsx
xlrd_test_comments_excel.xlsx
xlrd_test_comments_gdocs.xlsx
xlrd_text_bar.xlsx
xlsx-stream-d-date-cell.xlsx
חישוב_נקודות_זיכוי.xlsx
BlankSheetTypes.xlsm
NumberFormatCondition.xlsm
apachepoi_45431.xlsm
apachepoi_47026.xlsm
apachepoi_47089.xlsm
apachepoi_ExcelWithAttachments.xlsm
number_format.xlsm
openpyxl_r_vba-test.xlsm
pivot_table_test.xlsm
