45430.xlsx
45540_classic_Footer.xlsx.pending
45540_classic_Header.xlsx.pending
45540_form_Footer.xlsx
45540_form_Header.xlsx
45544.xlsx.pending
46535.xlsx
46536.xlsx
47090.xlsx
47504.xlsx
47668.xlsx
47737.xlsx
47804.xlsx
47813.xlsx.pending
47862.xlsx
47889.xlsx
48495.xlsx
48539.xlsx
48703.xlsx
48779.xlsx
48923.xlsx
49156.xlsx
49273.xlsx.pending
49325.xlsx
49609.xlsx
49783.xlsx
49872.xlsx
49928.xlsx.pending
49966.xlsx
50096.xlsx
50299.xlsx
50784-font_theme_colours.xlsx
50786-indexed_colours.xlsx
50795.xlsx
50846-border_colours.xlsx
50867_with_table.xlsx
51222.xlsx
51470.xlsx
51710.xlsx
51850.xlsx
51963.xlsx
52348.xlsx
52716.xlsx
53101.xlsx
53282.xlsx
53568.xlsx
53734.xlsx
53798.xlsx
53798_shiftNegative_TMPL.xlsx
54071.xlsx
54084 - Greek - beyond BMP.xlsx
54206.xlsx
54288-ref.xlsx
54288.xlsx
54436.xlsx
54524.xlsx
54607.xlsx
AverageTaxRates.xlsx
Booleans.xlsx
BrNotClosed.xlsx
CustomXMLMapping-singleattributenamespace.xlsx
CustomXMLMappings-complex-type.xlsx
CustomXMLMappings.xlsx
CustomXmlMappings-inverse-order.xlsx
DataValidations-49244.xlsx
DateFormatTests.xlsx
ElapsedFormatTests.xlsx
ForShifting.xlsx
FormatChoiceTests.xlsx
FormatConditionTests.xlsx
Formatting.xlsx.pending
FormulaEvalTestData_Copy.xlsx.pending
GeneralFormatTests.xlsx
InlineStrings.xlsx
NewlineInFormulas.xlsx
NumberFormatApproxTests.xlsx
NumberFormatTests.xlsx
RepeatingRowsCols.xlsx
SampleSS.xlsx
SimpleMultiCell.xlsx
SimpleWithComments.xlsx
Tables.xlsx
TextFormatTests.xlsx
TwoSheetsNoneHidden.xlsx
TwoSheetsOneHidden.xlsx
WithChart.xlsx
WithChartSheet.xlsx.pending
WithConditionalFormatting.xlsx
WithDrawing.xlsx
WithEmbeded.xlsx
WithMoreVariousData.xlsx
WithTable.xlsx
WithTextBox.xlsx
WithTextBox2.xlsx
WithThreeCharts.xlsx
WithTwoCharts.xlsx
WithVariousData.xlsx
atp.xlsx
chart_sheet.xlsx.pending
comments.xlsx
formula_stress_test.xlsx.pending
interview.xlsx
issue.xlsx
mixed_sheets.xlsx
named_ranges_2011.xlsx
picture.xlsx
reordered_sheets.xlsx
sample-beta.xlsx.pending
sample.xlsx
shared_formulas.xlsx
sheetProtection_allLocked.xlsx
sheetProtection_not_protected.xlsx
styles.xlsx
workbookProtection_not_protected.xlsx
workbookProtection_workbook_revision_protected.xlsx
workbookProtection_workbook_structure_protected.xlsx
workbookProtection_workbook_windows_protected.xlsx
workbookProtection_worksheet_protected.xlsx
xlsx-jdbc.xlsx
חישוב_נקודות_זיכוי.xlsx
