./test_files/1904/1900.biff5
./test_files/1904/1900.ods
./test_files/1904/1900.slk
./test_files/1904/1900.xls
./test_files/1904/1900.xlsb
./test_files/1904/1900.xlsx
./test_files/1904/1900.xml
./test_files/1904/1904.biff5
./test_files/1904/1904.ods
./test_files/1904/1904.slk
./test_files/1904/1904.xls
./test_files/1904/1904.xlsb
./test_files/1904/1904.xlsx
./test_files/1904/1904.xml
./test_files/artifacts/quattro/write_.csv
./test_files/artifacts/quattro/write_.dif
./test_files/artifacts/quattro/write_.slk
./test_files/artifacts/quattro/write_57.xls
./test_files/artifacts/quattro/write_6.wb2
./test_files/artifacts/quattro/write_6b.wb2
./test_files/artifacts/quattro/write_8.wb3
./test_files/artifacts/quattro/write_9.qpw
./test_files/artifacts/quattro/write_97.xls
./test_files/artifacts/quattro/write_L1.wks
./test_files/artifacts/quattro/write_L2.wk1
./test_files/artifacts/quattro/write_L3.wk3
./test_files/artifacts/quattro/write_L45.wk4
./test_files/artifacts/quattro/write_L9.123
./test_files/artifacts/quattro/write_L97.123
./test_files/artifacts/quattro/write_Led.wke
./test_files/artifacts/quattro/write_qpdos.wq1
./test_files/artifacts/quattro/write_qpw.wb1
./test_files/artifacts/wps/write.dbf
./test_files/artifacts/wps/write.dif
./test_files/artifacts/wps/write.et
./test_files/artifacts/wps/write.xls
./test_files/artifacts/wps/write.xlsx
./test_files/artifacts/wps/write.xml
./test_files/Attendance.numbers
./test_files/author_snowman.xls
./test_files/author_snowman.xls5
./test_files/author_snowman.xlsb
./test_files/author_snowman.xlsx
./test_files/author_snowman.xml
./test_files/author_snowman.ods
./test_files/AutoFilter.xls
./test_files/AutoFilter.xml
./test_files/AutoFilter.ods
./test_files/AutoFilter.xlsx
./test_files/AutoFilter.xlsb
./test_files/BlankSheetTypes.xls
./test_files/BlankSheetTypes.xlsb
./test_files/BlankSheetTypes.xlsm
./test_files/custom_properties.xls
./test_files/custom_properties.xls.xml
./test_files/custom_properties.xlsx
./test_files/custom_properties.xlsb
./test_files/cell_style_simple.xls
./test_files/cell_style_simple.xml
./test_files/cell_style_simple.ods
./test_files/cell_style_simple.xlsx
./test_files/cell_style_simple.xlsb
./test_files/comments_stress_test.xls
./test_files/comments_stress_test.xls.xml
./test_files/comments_stress_test.xlsx
./test_files/comments_stress_test.xlsb
./test_files/comments_stress_test.ods
./test_files/column_width.xls
./test_files/column_width.biff5
./test_files/column_width.xml
./test_files/column_width.xlsx
./test_files/column_width.xlsb
./test_files/column_width.slk
./test_files/cross-sheet_formula_names.xlsb
./test_files/DataTypesFormats.xlsx
./test_files/defined_names_simple.xls
./test_files/defined_names_simple.xml
./test_files/defined_names_simple.xlsx
./test_files/defined_names_simple.xlsb
./test_files/defined_names_simple.slk
./test_files/defined_names_unicode.xls
./test_files/defined_names_unicode.xml
./test_files/defined_names_unicode.ods
./test_files/defined_names_unicode.xlsx
./test_files/defined_names_unicode.xlsb
./test_files/xlsx-stream-d-date-cell.xls
./test_files/xlsx-stream-d-date-cell.xls.xml
./test_files/xlsx-stream-d-date-cell.xlsx
./test_files/xlsx-stream-d-date-cell.xlsb
./test_files/formula_stress_test.xls
./test_files/formula_stress_test.xls.xml
./test_files/formula_stress_test.xlsx
./test_files/formula_stress_test.xlsb
./test_files/formula_stress_test.ods
./test_files/formulae_test_simple.xls
./test_files/formulae_test_simple.xlsb
./test_files/formulae_test_simple.xlsx
./test_files/formulae_test_simple.xml
./test_files/hyperlink_stress_test_2011.xls
./test_files/hyperlink_stress_test_2011.xml
./test_files/hyperlink_stress_test_2011.xlsx
./test_files/hyperlink_stress_test_2011.xlsb
./test_files/internal_link.xls
./test_files/internal_link.biff5
./test_files/internal_link.xml
./test_files/internal_link.xlsx
./test_files/internal_link.xlsb
./test_files/internal_link.ods
./test_files/LONumbers.xls
./test_files/LONumbers.xlsx
./test_files/merge_cells.xls
./test_files/merge_cells.xls.xml
./test_files/merge_cells.xlsx
./test_files/merge_cells.xlsb
./test_files/merge_cells.ods
./test_files/metadata_2019.xlsx
./test_files/metadata_2019.xlsb
./test_files/named_ranges_2011.xls.xml
./test_files/named_ranges_2011.xlsb
./test_files/named_ranges_2011.xlsx
./test_files/named_ranges_2011.xls
./test_files/number_format.xls
./test_files/number_format.xls.xml
./test_files/number_format.xlsm
./test_files/number_format.xlsb
./test_files/number_format_entities.xls
./test_files/number_format_entities.xlsb
./test_files/number_format_entities.xlsx
./test_files/number_format_entities.xml
./test_files/NumberFormatCondition.xls
./test_files/NumberFormatCondition.xlsb
./test_files/NumberFormatCondition.xlsm
./test_files/NumberFormatCondition.xml
./test_files/outline.xls
./test_files/outline.biff5
./test_files/outline.xlsx
./test_files/outline.xlsb
./test_files/outline.ods
./test_files/page_margins_2016.xls
./test_files/page_margins_2016_5.xls
./test_files/page_margins_2016.xml
./test_files/page_margins_2016.xlsx
./test_files/page_margins_2016.xlsb
./test_files/pivot_table_named_range.xls.xml
./test_files/pivot_table_named_range.xlsb
./test_files/pivot_table_named_range.xlsx
./test_files/pivot_table_test.xls
./test_files/pivot_table_test.xlsb
./test_files/pivot_table_test.xlsm
./test_files/rich_text_stress.xlsb
./test_files/rich_text_stress.xlsb
./test_files/rich_text_stress.xlsx
./test_files/rich_text_stress.xls.xml
./test_files/row_height.xls
./test_files/row_height.biff5
./test_files/row_height.xml
./test_files/row_height.xlsx
./test_files/row_height.xlsb
./test_files/row_height.slk
./test_files/RkNumber.xls
./test_files/RkNumber.xlsb
./test_files/RkNumber.xlsx
./test_files/RkNumber.xls.xml
./test_files/smart_tags_2007.xls
./test_files/smart_tags_2007.xlsb
./test_files/smart_tags_2007.xlsx
./test_files/smart_tags_2007.xml
./test_files/sheet_visibility.xls
./test_files/sheet_visibility5.xls
./test_files/sheet_visibility.xml
./test_files/sheet_visibility.xlsx
./test_files/sheet_visibility.xlsb
./test_files/sheet_visibility.ods
./test_files/sushi.xls
./test_files/sushi.xlsb
./test_files/sushi.xlsx
./test_files/sushi.xml
./test_files/sushi.ods
./test_files/text_and_numbers.xls
./test_files/text_and_numbers.xlsb
./test_files/text_and_numbers.xlsx
./test_files/text_and_numbers.xml
./test_files/apachepoi_SimpleWithComments.xls
./test_files/2011/apachepoi_SimpleWithComments.xls.xml
./test_files/apachepoi_SimpleWithComments.xlsx
./test_files/2013/apachepoi_SimpleWithComments.xlsx.xlsb
./test_files/password_2002_40_xor.xls
./test_files/dbf/d11.dbf
./test_files/dbf/vfp3.dbf
./test_files/wtf_path.xlsx
./test_files/wtf_path.xlsb
./test_files/numbers/types_61.numbers
./test_files/numbers/Untitled.key
./test_files/numbers/Untitled.pages
./test_files/crlf/CRLFR9.123
./test_files/crlf/CRLFR9.WK1
./test_files/crlf/CRLFR9.WK3
./test_files/crlf/CRLFR9.WK4
./test_files/crlf/CRLFR9.XLS
./test_files/crlf/CRLFR9_4.XLS
./test_files/crlf/CRLFR9_5.XLS
./test_files/crlf/CRLFX5_2.XLS
./test_files/crlf/CRLFX5_3.XLS
./test_files/crlf/CRLFX5_4.XLS
./test_files/crlf/CRLFX5_5.XLS
./test_files/crlf/crlf.csv
./test_files/crlf/crlf.fods
./test_files/crlf/crlf.htm
./test_files/crlf/crlf.numbers
./test_files/crlf/crlf.ods
./test_files/crlf/crlf.rtf
./test_files/crlf/crlf.slk
./test_files/crlf/crlf.xls
./test_files/crlf/crlf.xlsb
./test_files/crlf/crlf.xlsx
./test_files/crlf/crlf.xml
./test_files/crlf/crlf5.xls
./test_files/crlf/crlfq9.qpw
./test_files/crlf/crlfq9.wb1
./test_files/crlf/crlfq9.wb2
./test_files/crlf/crlfq9.wb3
./test_files/crlf/crlfq9.wk1
./test_files/crlf/crlfq9.wk3
./test_files/crlf/crlfq9.wk4
./test_files/crlf/crlfq9.wks
./test_files/crlf/crlfq9.wq1
./test_files/crlf/crlfw4_2.wks
./test_files/crlf/crlfw4_3.wks
./test_files/crlf/crlfw4_4.wks
