./test_files/custom_properties.xls
./test_files/custom_properties.xls.xml
./test_files/custom_properties.xlsx
./test_files/custom_properties.xlsb
./test_files/cell_style_simple.xls
./test_files/cell_style_simple.xml
./test_files/cell_style_simple.xlsx
./test_files/cell_style_simple.xlsb
./test_files/comments_stress_test.xls
./test_files/comments_stress_test.xls.xml
./test_files/comments_stress_test.xlsx
./test_files/comments_stress_test.xlsb
./test_files/formula_stress_test.xls
./test_files/formula_stress_test.xls.xml
./test_files/formula_stress_test.xlsx
./test_files/formula_stress_test.xlsb
./test_files/formula_stress_test.ods
./test_files/hyperlink_stress_test_2011.xls
./test_files/hyperlink_stress_test_2011.xml
./test_files/hyperlink_stress_test_2011.xlsx
./test_files/hyperlink_stress_test_2011.xlsb
./test_files/LONumbers.xls
./test_files/LONumbers.xlsx
./test_files/merge_cells.xls
./test_files/merge_cells.xls.xml
./test_files/merge_cells.xlsx
./test_files/merge_cells.xlsb
./test_files/merge_cells.ods
./test_files/number_format.xls
./test_files/number_format.xls.xml
./test_files/number_format.xlsm
./test_files/number_format.xlsb
./test_files/xlsx-stream-d-date-cell.xls
./test_files/xlsx-stream-d-date-cell.xls.xml
./test_files/xlsx-stream-d-date-cell.xlsx
./test_files/xlsx-stream-d-date-cell.xlsb
./test_files/column_width.xlsx
./test_files/column_width.biff5
./test_files/column_width.xml
./test_files/column_width.xlsx
./test_files/column_width.xlsx
./test_files/apachepoi_SimpleWithComments.xls
./test_files/2011/apachepoi_SimpleWithComments.xls.xml
./test_files/apachepoi_SimpleWithComments.xlsx
./test_files/2013/apachepoi_SimpleWithComments.xlsx.xlsb
